// Jest Snapshot v1, https://goo.gl/fbAQLP

exports[`renders correctly 1`] = `
<div
  category=""
  percent={0}
  redirectToBudget={[Function]}
  transaction={Object {}}
/>
`;
