// Jest Snapshot v1, https://goo.gl/fbAQLP

exports[`renders correctly 1`] = `
<ul
  className="legend"
>
  <div
    color={undefined}
    label={undefined}
    usePercentSign={false}
    value={undefined}
  />
  <div
    color={undefined}
    label={undefined}
    usePercentSign={false}
    value={undefined}
  />
</ul>
`;
